feature@org.jboss.ide.eclipse.ejb3.feature=%cvsTag%,:pserver:anonymous@anoncvs.forge.jboss.com:/cvsroot/jboss,,jbosside/ejb3/features/org.jboss.ide.eclipse.ejb3.feature
plugin@org.jboss.ide.eclipse.ejb3.wizards.core=%cvsTag%,:pserver:anonymous@anoncvs.forge.jboss.com:/cvsroot/jboss,,jbosside/ejb3/plugins/org.jboss.ide.eclipse.ejb3.wizards.core
plugin@org.jboss.ide.eclipse.ejb3.wizards.ui=%cvsTag%,:pserver:anonymous@anoncvs.forge.jboss.com:/cvsroot/jboss,,jbosside/ejb3/plugins/org.jboss.ide.eclipse.ejb3.wizards.ui

plugin@org.jboss.ide.eclipse.core=%cvsTag%,:pserver:anonymous@anoncvs.forge.jboss.com:/cvsroot/jboss,,jbosside/core/plugins/org.jboss.ide.eclipse.core
#plugin@org.apache.xalan=%cvsTag%,:pserver:anonymous@anoncvs.forge.jboss.com:/cvsroot/jboss,,jbosside/core/plugins/org.apache.xalan
plugin@org.jboss.ide.eclipse.ui=%cvsTag%,:pserver:anonymous@anoncvs.forge.jboss.com:/cvsroot/jboss,,jbosside/core/plugins/org.jboss.ide.eclipse.ui
plugin@org.jboss.ide.eclipse.launcher.core=%cvsTag%,:pserver:anonymous@anoncvs.forge.jboss.com:/cvsroot/jboss,,jbosside/core/plugins/org.jboss.ide.eclipse.launcher.core
plugin@org.jboss.ide.eclipse.launcher.ui=%cvsTag%,:pserver:anonymous@anoncvs.forge.jboss.com:/cvsroot/jboss,,jbosside/core/plugins/org.jboss.ide.eclipse.launcher.ui

plugin@org.jboss.ide.eclipse.jdt.aop.core=%cvsTag%,:pserver:anonymous@anoncvs.forge.jboss.com:/cvsroot/jboss,,jbosside/aop/plugins/org.jboss.ide.eclipse.jdt.aop.core

