feature@org.jboss.ide.eclipse.feature=%cvsTag%,:pserver:anonymous@anoncvs.forge.jboss.com:/cvsroot/jboss,,jbosside/core/features/org.jboss.ide.eclipse.feature
## plugin@org.apache.xalan=%cvsTag%,:pserver:anonymous@anoncvs.forge.jboss.com:/cvsroot/jboss,,jbosside/core/plugins/org.apache.xalan
plugin@org.jboss.ide.eclipse.core=%cvsTag%,:pserver:anonymous@anoncvs.forge.jboss.com:/cvsroot/jboss,,jbosside/core/plugins/org.jboss.ide.eclipse.core
plugin@org.jboss.ide.eclipse.deployer.core=%cvsTag%,:pserver:anonymous@anoncvs.forge.jboss.com:/cvsroot/jboss,,jbosside/core/plugins/org.jboss.ide.eclipse.deployer.core
plugin@org.jboss.ide.eclipse.deployer.ui=%cvsTag%,:pserver:anonymous@anoncvs.forge.jboss.com:/cvsroot/jboss,,jbosside/core/plugins/org.jboss.ide.eclipse.deployer.ui
plugin@org.jboss.ide.eclipse.jdt.core=%cvsTag%,:pserver:anonymous@anoncvs.forge.jboss.com:/cvsroot/jboss,,jbosside/core/plugins/org.jboss.ide.eclipse.jdt.core
plugin@org.jboss.ide.eclipse.jdt.j2ee.core=%cvsTag%,:pserver:anonymous@anoncvs.forge.jboss.com:/cvsroot/jboss,,jbosside/core/plugins/org.jboss.ide.eclipse.jdt.j2ee.core
plugin@org.jboss.ide.eclipse.jdt.j2ee.jsp.core=%cvsTag%,:pserver:anonymous@anoncvs.forge.jboss.com:/cvsroot/jboss,,jbosside/core/plugins/org.jboss.ide.eclipse.jdt.j2ee.jsp.core
plugin@org.jboss.ide.eclipse.jdt.j2ee.jsp.ui=%cvsTag%,:pserver:anonymous@anoncvs.forge.jboss.com:/cvsroot/jboss,,jbosside/core/plugins/org.jboss.ide.eclipse.jdt.j2ee.jsp.ui
plugin@org.jboss.ide.eclipse.jdt.j2ee.ui=%cvsTag%,:pserver:anonymous@anoncvs.forge.jboss.com:/cvsroot/jboss,,jbosside/core/plugins/org.jboss.ide.eclipse.jdt.j2ee.ui
## plugin@org.jboss.ide.eclipse.jdt.j2ee.xml.core=%cvsTag%,:pserver:anonymous@anoncvs.forge.jboss.com:/cvsroot/jboss,,jbosside/core/plugins/org.jboss.ide.eclipse.jdt.j2ee.xml.core
plugin@org.jboss.ide.eclipse.jdt.j2ee.xml.ui=%cvsTag%,:pserver:anonymous@anoncvs.forge.jboss.com:/cvsroot/jboss,,jbosside/core/plugins/org.jboss.ide.eclipse.jdt.j2ee.xml.ui
plugin@org.jboss.ide.eclipse.jdt.test.core=%cvsTag%,:pserver:anonymous@anoncvs.forge.jboss.com:/cvsroot/jboss,,jbosside/core/plugins/org.jboss.ide.eclipse.jdt.test.core
plugin@org.jboss.ide.eclipse.jdt.test.ui=%cvsTag%,:pserver:anonymous@anoncvs.forge.jboss.com:/cvsroot/jboss,,jbosside/core/plugins/org.jboss.ide.eclipse.jdt.test.ui
plugin@org.jboss.ide.eclipse.jdt.ui=%cvsTag%,:pserver:anonymous@anoncvs.forge.jboss.com:/cvsroot/jboss,,jbosside/core/plugins/org.jboss.ide.eclipse.jdt.ui
plugin@org.jboss.ide.eclipse.jdt.ws.core=%cvsTag%,:pserver:anonymous@anoncvs.forge.jboss.com:/cvsroot/jboss,,jbosside/core/plugins/org.jboss.ide.eclipse.jdt.ws.core
plugin@org.jboss.ide.eclipse.jdt.ws.ui=%cvsTag%,:pserver:anonymous@anoncvs.forge.jboss.com:/cvsroot/jboss,,jbosside/core/plugins/org.jboss.ide.eclipse.jdt.ws.ui
## plugin@org.jboss.ide.eclipse.jdt.xml.core=%cvsTag%,:pserver:anonymous@anoncvs.forge.jboss.com:/cvsroot/jboss,,jbosside/core/plugins/org.jboss.ide.eclipse.jdt.xml.core
## plugin@org.jboss.ide.eclipse.jdt.xml.ui=%cvsTag%,:pserver:anonymous@anoncvs.forge.jboss.com:/cvsroot/jboss,,jbosside/core/plugins/org.jboss.ide.eclipse.jdt.xml.ui
plugin@org.jboss.ide.eclipse.launcher.core=%cvsTag%,:pserver:anonymous@anoncvs.forge.jboss.com:/cvsroot/jboss,,jbosside/core/plugins/org.jboss.ide.eclipse.launcher.core
plugin@org.jboss.ide.eclipse.launcher.ui=%cvsTag%,:pserver:anonymous@anoncvs.forge.jboss.com:/cvsroot/jboss,,jbosside/core/plugins/org.jboss.ide.eclipse.launcher.ui
plugin@org.jboss.ide.eclipse.packaging.core=%cvsTag%,:pserver:anonymous@anoncvs.forge.jboss.com:/cvsroot/jboss,,jbosside/core/plugins/org.jboss.ide.eclipse.packaging.core
plugin@org.jboss.ide.eclipse.packaging.ui=%cvsTag%,:pserver:anonymous@anoncvs.forge.jboss.com:/cvsroot/jboss,,jbosside/core/plugins/org.jboss.ide.eclipse.packaging.ui
plugin@org.jboss.ide.eclipse.ui=%cvsTag%,:pserver:anonymous@anoncvs.forge.jboss.com:/cvsroot/jboss,,jbosside/core/plugins/org.jboss.ide.eclipse.ui
plugin@org.jboss.ide.eclipse.xdoclet.assist=%cvsTag%,:pserver:anonymous@anoncvs.forge.jboss.com:/cvsroot/jboss,,jbosside/core/plugins/org.jboss.ide.eclipse.xdoclet.assist
plugin@org.jboss.ide.eclipse.xdoclet.core=%cvsTag%,:pserver:anonymous@anoncvs.forge.jboss.com:/cvsroot/jboss,,jbosside/core/plugins/org.jboss.ide.eclipse.xdoclet.core
plugin@org.jboss.ide.eclipse.xdoclet.run=%cvsTag%,:pserver:anonymous@anoncvs.forge.jboss.com:/cvsroot/jboss,,jbosside/core/plugins/org.jboss.ide.eclipse.xdoclet.run
plugin@org.jboss.ide.eclipse.xdoclet.ui=%cvsTag%,:pserver:anonymous@anoncvs.forge.jboss.com:/cvsroot/jboss,,jbosside/core/plugins/org.jboss.ide.eclipse.xdoclet.ui
